{
  "_links": {
    "self": {
      "href": "/api/employees"
    }
  },
  "_embedded": {
    "employees": [
      {
        "id": 1,
        "title": "emp1",
        "rank": 1,
        "_links": {
          "self": {
            "href": "/api/employees/1",
            "title": "see employee emp1"
          },
          "related": {
            "href": "sometoher",
            "title": "see related"
          }
        }
      },
      {
        "id": 11,
        "title": "emp2",
        "rank": 2,
        "_links": {
          "self": {
            "href": "/api/employees/11",
            "title": "see employee emp2"
          },
          "related": {
            "href": "sometoher",
            "title": "see related"
          }
        }
      },
      {
        "id": 12,
        "title": "emp1",
        "rank": 4,
        "_links": {
          "self": {
            "href": "/api/employees/12",
            "title": "see employee emp1"
          },
          "related": {
            "href": "sometoher",
            "title": "see related"
          }
        }
      }
    ]
  }
}